  ADDR B1 B2 B3 B4 E:\Repositorios\68hc11-1\Proyecto2.asc           PAGE       1

                   * PROYECTO 2

                   *DECLARACION CONSTANTES

                   SCDR   EQU   $102F
                   SCCR2  EQU   $102D
                   SCSR   EQU   $102E
                   SCCR1  EQU   $102C
                   BAUD   EQU   $102B
                   HPRIO  EQU   $103C
                   SPCR   EQU   $1028
                   CSCTL  EQU   $105D
                   OPT2   EQU   $1038
                   DDRD   EQU   $1009

                   *DECLARACION DE VARIABLES
                   *9999 = IXCMXCIX
                   ORDEN EQU $0000
                   M   EQU $0016  *BANDERA DE LETRAS M
                   D   EQU $0017  *BANDERA DE LETRA D
                   C   EQU $0018  *BANDERA DE LETRA C
                   L   EQU $0019  *BANDERA DE LETRA L
                   XB   EQU $0020  *BANDERA DE LETRA X
                   V   EQU $0021  *BANDERA DE LETRA U
                   I   EQU $0022  *BANDERA DE LETRA I
                   O   EQU $0023  *BANDERA DEL OK
                   A       EQU $0001  *BANDERA FIN DE CADENA
                   BERROR EQU $0002   * BANDERA DE ERROR
                   UNIDAD EQU $0053   * DIRECCION PARA ESCRIBIR UNIDADES
                   DECENA EQU $0052   * DIRECCION PARA ESCRIBIR DECENAS
                   CENTENA EQU $0051  * DIRECCION PARA ESCRIBIR CENTENA
                   MIL EQU $0050      * DIRECCION PARA ESCRIBIR UNIDADES DE
.                  MILLAR

                       ** ESPACIO PARA LAS CADENAS A MOSTRAR
                                   ORG $3000
  3000 45 52 52 4F                 FCC "ERROR, NUMERO ROMANO INVALIDO."   *29
. 3004 52 2C 20 4E CARACTERES
. 3008 55 35 45 52
. 300C 4F 20 52 4F
. 3010 4D 41 4E 32
. 3014 20 49 4E 56
. 3018 41 4C 49 44
. 301C 4F 2E
  301E 45 52 52 4F                 FCC "ERROR, NUMERO ARABIGO INVALIDO."  *30
. 3022 52 2C 20 4E
. 3026 55 4D 45 52
. 302A 4F 20 41 52
. 302E 41 42 49 47
. 3032 4F 20 49 4E
. 3036 56 41 4C 49
. 303A 44 00 2E
  303D 45 52 52 4F                 FCC "ERROR, NUMERO FUERA DE RANGO."    *28
. 3041 52 2C 20 4E
. 3045 55 4D 45 52
. 3049 4F 20 46 55
. 304D 45 52 41 20
. 3051 44 45 20 52
. 3055 41 4E 47 4F
. 3059 2E

  305A 75 6E 6F 20                 FCC "uno  "
. 305E 20
  305F 64 6F 73 20                 FCC "dos "
  3063 74 72 65 73                 FCC     "tres "
  ADDR B1 B2 B3 B4 E:\Repositorios\68hc11-1\Proyecto2.asc           PAGE       2

. 3067 20
  3068 63 75 61 74                 FCC     "cuatro "
. 306C 72 6F 20
  306F 63 69 6E 63                 FCC     "cinco "
. 3073 6F 20
  3075 73 65 69 73                 FCC     "seis "
. 3079 20
  307A 73 69 65 74                 FCC     "siete "
. 307E 65 20
  3080 6F 63 68 6F                 FCC     "ocho "
. 3084 20
  3085 6E 75 65 76                 FCC     "nueve "
. 3089 65 20
  308B 64 69 65 63                 FCC "dieci "
. 308F 69 20
  3091 64 69 65 7A                 FCC     "diez "
. 3095 20
  3096 6F 6E 63 65                 FCC "once "
. 309A 20
  309B 64 6F 63 65                 FCC "doce "
. 309F 20
  30A0 74 72 65 63                 FCC "trece "
. 30A4 65 20
  30A6 63 61 74 6F                 FCC "catorce "
. 30AA 72 63 65 20
  30AE 71 75 69 6E                 FCC "quince "
. 30B2 63 65 20
  30B5 64 69 65 63                 FCC "diecisEis "
. 30B9 69 73 45 69
. 30BD 73 20
  30BF 76 65 69 6E                 FCC "veinte "
. 30C3 74 65 20
  30C6 76 65 69 6E                 FCC "veinti "
. 30CA 74 69 20
  30CD 76 65 6E 74                 FCC "ventisEis "
. 30D1 69 73 45 69
. 30D5 73 20
  30D7 79 20                       FCC "y "
  30D9 74 72 65 69                 FCC "treinta "
. 30DD 6E 74 61 20
  30E1 63 75 61 72                 FCC "cuarenta "
. 30E5 65 6E 74 61
. 30E9 20
  30EA 63 69 6E 63                 FCC "cincuenta "
. 30EE 75 65 6E 74
. 30F2 61 20
  30F4 73 65 73 65                 FCC "sesenta "
. 30F8 6E 74 61 20
  30FC 73 65 74 65                 FCC "setenta "
. 3100 6E 74 61 20
  3104 6F 63 68 65                 FCC "ochenta "
. 3108 6E 74 61 20
  310C 6E 6F 76 65                 FCC "noventa "
. 3110 6E 74 61 20
  3114 63 69 65 6E                 FCC "cien "
. 3118 20
  3119 63 69 65 6E                 FCC "ciento "
. 311D 74 6F 20
  3120 63 69 65 6E                 FCC "cientos "
. 3124 74 6F 73 20
  3128 71 75 69 6E                 FCC "quinientos "
. 312C 69 65 6E 74
. 3130 6F 73 20
  3133 73 65 74 65                 FCC "setecientos "
. 3137 63 69 65 6E
  ADDR B1 B2 B3 B4 E:\Repositorios\68hc11-1\Proyecto2.asc           PAGE       3

. 313B 74 6F 73 20
  313F 6E 6F 76 65                 FCC "novecientos "
. 3143 63 69 65 6E
. 3147 74 6F 73 20
  314B 6D 69 6C 20                 FCC "mil "

                                   ORG $8000
                   INICIO
  8000 8E 00 FF                    LDS #$00FF *Configuracion del puerto serial
  8003 BD 81 EB                    JSR SERIAL * SUBRUTINA PARA CONFIG EL PUERTO
.                  SERIAL
  8006 7E 82 07                    JMP LIMPIEZA

                   CICLATE
  8009 86 3F                       LDAA    #'?
  800B 97 00                       STAA    ORDEN
                   CICLO
  800D 96 00                       LDAA    ORDEN
  800F 81 3F                       CMPA    #'?
  8011 27 FA                       BEQ     CICLO

  8013 81 4D               CMPA #'M
  8015 27 22               BEQ CASOM
  8017 81 44               CMPA #'D
  8019 27 6A               BEQ CASOD
  801B 7E 80 A5            JMP SALTOINTERMEDIO1

                   ERROR1
  801E D6 02                       LDAB BERROR
  8020 5C                          INCB
  8021 D7 02                       STAB BERROR
  8023 CE 00 50                    LDX #$0050     * DIRECCION DEL MENSAJE
  8026 18 CE 30 00                 LDY #$3000     * ORG DE LOS FCC
                   ERROR_CICLO
  802A 18 E6 00                    LDAB $00,Y
  802D E7 00                       STAB $00,X
  802F 08                          INX
  8030 18 08                       INY
  8032 C1 2E                       CMPB #46        * ASCII DE PUNTO
  8034 26 F4                       BNE ERROR_CICLO
  8036 7E 81 D6                    JMP FIN

                   CASOM
  8039 D6 18                       LDAB C                  *Verifica que le haya
.                  llegado una C ANTES para el caso de CM
  803B C1 00               CMPB #0
  803D 26 34               BNE CASOM1
  803F D6 16                       LDAB M
  8041 C1 08                       CMPB #8
  8043 22 D9                       BHI ERROR1
  8045 D6 17                       LDAB D
  8047 C1 00                       CMPB #0                 *VALIDA QUE NO HAYA
.                  D's ANTES DE LA M
  8049 26 D3                       BNE ERROR1
  804B D6 19                       LDAB L
  804D C1 00                       CMPB #0                 *VALIDA QUE NO HAYA
.                  L's ANTES DE LA M
  804F 26 CD                       BNE ERROR1
  8051 D6 20                       LDAB XB
  8053 C1 00                       CMPB #0                 *VALIDA QUE NO HAYA
.                  X's ANTES DE LA M
  8055 26 C7                       BNE ERROR1
  8057 D6 21                       LDAB V
  8059 C1 00                       CMPB #0                 *VALIDA QUE NO HAYA
.                  V's ANTES DE LA M
  ADDR B1 B2 B3 B4 E:\Repositorios\68hc11-1\Proyecto2.asc           PAGE       4

  805B 26 C1                       BNE ERROR1
  805D D6 22                       LDAB I
  805F C1 00                       CMPB #0                 *VALIDA QUE NO HAYA
.                  I's ANTES DE LA M
  8061 26 BB                       BNE ERROR1

  8063 A7 00                       STAA $00,X      *Escribir a partir de la
.                  memoria $70 lo que le mande el usuario
  8065 08                          INX
  8066 D6 16               LDAB M
  8068 5C                  INCB
  8069 D7 16               STAB M
  806B D6 50               LDAB MIL
  806D 5C                  INCB
  806E D7 50               STAB MIL
  8070 7E 80 09            JMP CICLATE

                   *CASO DONDE LLEGUE CM
                   CASOM1
  8073 C1 01                       CMPB #1
  8075 22 A7                       BHI ERROR1
  8077 CB 05                       ADDB #5
  8079 D7 18                       STAB C
  807B C6 09                       LDAB #9
  807D D7 51               STAB CENTENA
  807F A7 00                       STAA $00,X      *Escribir a partir de la
.                  memoria $70 lo que le mande el usuario
  8081 08                          INX
  8082 7E 80 09            JMP CICLATE

                   CASOD
  8085 D6 17                       LDAB D
  8087 5C                  INCB
  8088 D7 17               STAB D
  808A C1 02                       CMPB #2
  808C 27 90                       BEQ ERROR1
.                  *VALIDA QUE NO LLEGUEN 2 O MS D's
  808E A7 00                       STAA $00,X
.                  *Escribir a partir de la memoria $70 lo que le mande el
.                  usuario
  8090 08                          INX
  8091 D6 18               LDAB C
  8093 C1 01               CMPB #1
  8095 27 07               BEQ CASOD1
  8097 C6 05               LDAB #5
  8099 D7 51               STAB CENTENA
  809B 7E 80 09            JMP CICLATE

                   CASOD1
  809E C6 04               LDAB #4
  80A0 D7 51               STAB CENTENA
  80A2 7E 80 09            JMP CICLATE

                   SALTOINTERMEDIO1
  80A5 81 43                       CMPA #'C
  80A7 27 07               BEQ CASOC
  80A9 81 4C                       CMPA #'L
  80AB 27 50               BEQ CASOL
  80AD 7E 81 1D                    JMP SALTOINTERMEDIO

                   *C ES UNA BANDERA A FUTURO PARA ERRORES
                   CASOC
  80B0 D6 20                       LDAB XB
.                  *VERIFICA QUE LLEGUE UN XC
  80B2 C1 00                       CMPB #0
  ADDR B1 B2 B3 B4 E:\Repositorios\68hc11-1\Proyecto2.asc           PAGE       5

  80B4 26 32                       BNE CASOC1
  80B6 D6 18                       LDAB C
  80B8 C1 04                       CMPB #4
  80BA 22 3E                       BHI SALTOINTERMEDIO_ERROR
  80BC D6 19                       LDAB L
  80BE C1 00                       CMPB #0                 *VALIDA QUE NO HAYA
.                  L's ANTES DE LA C
  80C0 26 38                       BNE SALTOINTERMEDIO_ERROR
  80C2 D6 20                       LDAB XB
  80C4 C1 00                       CMPB #0                 *VALIDA QUE NO HAYA
.                  X's ANTES DE LA C
  80C6 26 32                       BNE SALTOINTERMEDIO_ERROR
  80C8 D6 21                       LDAB V
  80CA C1 00                       CMPB #0                 *VALIDA QUE NO HAYA
.                  V's ANTES DE LA C
  80CC 26 2C                       BNE SALTOINTERMEDIO_ERROR
  80CE D6 22                       LDAB I
  80D0 C1 00                       CMPB #0                 *VALIDA QUE NO HAYA
.                  I's ANTES DE LA C
  80D2 26 26                       BNE SALTOINTERMEDIO_ERROR

  80D4 D6 18                       LDAB C
  80D6 5C                  INCB
  80D7 D7 18               STAB C
  80D9 C1 04                       CMPB #4
  80DB 27 1D                       BEQ SALTOINTERMEDIO_ERROR               *
.                  VALIDA QUE NO LLEGUEN 4 O MS C's
  80DD A7 00                       STAA $00,X
.                  *Escribir a partir de la memoria $70 lo que le mande el
.                  usuario
  80DF 08                          INX
  80E0 D6 51                       LDAB CENTENA
  80E2 5C                  INCB
  80E3 D7 51               STAB CENTENA
  80E5 7E 80 09            JMP CICLATE

                   *CASO POR SI LLEGA UN XC
                   CASOC1
  80E8 C1 01                       CMPB #1
  80EA 22 0E                       BHI SALTOINTERMEDIO_ERROR
  80EC CB 05                       ADDB #5
  80EE D7 20                       STAB XB
  80F0 C6 09                       LDAB #9
  80F2 D7 52                       STAB DECENA
  80F4 A7 00                       STAA $00,X      *Escribir a partir de la
.                  memoria $70 lo que le mande el usuario
  80F6 08                          INX
  80F7 7E 80 09                    JMP CICLATE

                   SALTOINTERMEDIO_ERROR
  80FA 7E 80 1E                    JMP ERROR1

                   CASOL
  80FD D6 19                       LDAB L
  80FF 5C                  INCB
  8100 D7 19               STAB L
  8102 C1 02                       CMPB #2
  8104 27 F4                       BEQ SALTOINTERMEDIO_ERROR               *
.                  VALIDA QUE NO LLEGUEN 2 O MS L's
  8106 A7 00                       STAA $00,X
.                  *Escribir a partir de la memoria $70 lo que le mande el
.                  usuario
  8108 08                          INX
  8109 D6 20                       LDAB XB
  810B C1 01                       CMPB #1
  ADDR B1 B2 B3 B4 E:\Repositorios\68hc11-1\Proyecto2.asc           PAGE       6

  810D 27 07                       BEQ CASOL1
  810F C6 05                       LDAB #5
  8111 D7 52               STAB DECENA
  8113 7E 80 09            JMP CICLATE

                   *PARA CUANDO LLEGA XL
                   CASOL1
  8116 C6 04                       LDAB #4
  8118 D7 52                       STAB DECENA
  811A 7E 80 09                    JMP CICLATE
                                             **********SALTO INTERMEDIO
                   SALTOINTERMEDIO
  811D 81 58                       CMPA #'X
  811F 27 13               BEQ CASOX
  8121 81 56               CMPA #'V
  8123 27 47               BEQ CASOV
  8125 81 49               CMPA #'I
  8127 27 6A               BEQ CASOI

  8129 81 4F               CMPA #'O  *CASO EN QUE RECIBA OK
  812B 27 76               BEQ CASOO
  812D 81 4B               CMPA #'K
  812F 27 7A               BEQ CASOOK
  8131 7E 81 8C                    JMP SALTOINTERMEDIO2

                   CASOX
  8134 D6 22                       LDAB I
  8136 C1 00                       CMPB #0
  8138 26 20                       BNE CASOX1
  813A D6 20                       LDAB XB
  813C 5C                  INCB
  813D D7 20               STAB XB
  813F C1 03                       CMPB #3
  8141 22 B7                       BHI SALTOINTERMEDIO_ERROR
  8143 D6 21                       LDAB V
  8145 C1 00                       CMPB #0                 *VALIDA QUE NO HAYA
.                  V's ANTES DE LA X
  8147 26 B1                       BNE SALTOINTERMEDIO_ERROR
  8149 D6 22                       LDAB I
  814B C1 00                       CMPB #0                 *VALIDA QUE NO HAYA
.                  I's ANTES DE LA X
  814D 26 AB                       BNE SALTOINTERMEDIO_ERROR

  814F A7 00                       STAA $00,X                      *Escribir a
.                  partir de la memoria $70 lo que le mande el usuario
  8151 08                          INX
  8152 D6 52                       LDAB DECENA
  8154 5C                          INCB
  8155 D7 52                       STAB DECENA
  8157 7E 80 09            JMP CICLATE

                   *CUANDO LLEGUE UN IX
                   CASOX1
  815A C1 01                       CMPB #1
  815C 22 9C                       BHI SALTOINTERMEDIO_ERROR
  815E CB 06                       ADDB #6
  8160 D7 22                       STAB I
  8162 C6 09                       LDAB #9
  8164 D7 53                       STAB UNIDAD
  8166 A7 00                       STAA $00,X      *Escribir a partir de la
.                  memoria $70 lo que le mande el usuario
  8168 08                          INX
  8169 7E 80 09                    JMP CICLATE

                   CASOV
  ADDR B1 B2 B3 B4 E:\Repositorios\68hc11-1\Proyecto2.asc           PAGE       7

  816C D6 21                       LDAB V
  816E 5C                          INCB
  816F D7 21                       STAB V
  8171 C1 02                       CMPB #2
  8173 27 85                       BEQ SALTOINTERMEDIO_ERROR               *
.                  VALIDA QUE NO LLEGUEN 2 O MS V's
  8175 A7 00                       STAA $00,X
.                  *Escribir a partir de la memoria $70 lo que le mande el
.                  usuario
  8177 08                          INX
  8178 D6 22                       LDAB I
  817A C1 01                       CMPB #1
  817C 27 07                       BEQ CASOV1
  817E C6 05                       LDAB #5
  8180 D7 53                       STAB UNIDAD
  8182 7E 80 09                    JMP CICLATE

                   *CUANDO LLEGUE UN IV
                   CASOV1
  8185 C6 04                       LDAB #4
  8187 D7 53                       STAB UNIDAD
  8189 7E 80 09                    JMP CICLATE

                   SALTOINTERMEDIO2
  818C 81 3D                       CMPA #61            *Valida que le llegue un
.                  = para saber que es fin de la cadena que mete el usuario
  818E 27 27                       BEQ ESCRIBECHAR
  8190 7E 81 B4                    JMP SALTOINTERMEDIO1_ERROR

                   CASOI
  8193 A7 00                       STAA $00,X
.                  *Escribir a partir de la memoria $70 lo que le mande el
.                  usuario
  8195 08                          INX
  8196 D6 22                       LDAB I
  8198 5C                          INCB
  8199 D7 22                       STAB I
  819B D6 53                       LDAB UNIDAD
  819D 5C                          INCB
  819E D7 53                       STAB UNIDAD
  81A0 7E 80 09                    JMP CICLATE

                   CASOO
  81A3 D6 23                       LDAB O
  81A5 5C                          INCB
  81A6 D7 23                       STAB O
  81A8 7E 81 D6                    JMP FIN

                   CASOOK
  81AB D6 23                       LDAB O
  81AD C1 00                       CMPB #0
  81AF 26 56                       BNE LIMPIEZA
  81B1 7E 80 09                    JMP CICLATE

                   SALTOINTERMEDIO1_ERROR
  81B4 7E 80 1E                    JMP ERROR1

                   ESCRIBECHAR
  81B7 D6 02                       LDAB BERROR
  81B9 C1 01                       CMPB #1
  81BB 27 F7                       BEQ SALTOINTERMEDIO1_ERROR
  81BD C6 30                       LDAB #48  * Es el ascii de 0 en decimal
  81BF 96 50                       LDAA MIL
  81C1 1B                          ABA
  81C2 97 50                       STAA MIL
  ADDR B1 B2 B3 B4 E:\Repositorios\68hc11-1\Proyecto2.asc           PAGE       8

  81C4 96 51                       LDAA CENTENA
  81C6 1B                          ABA
  81C7 97 51                       STAA CENTENA
  81C9 96 52                       LDAA DECENA
  81CB 1B                          ABA
  81CC 97 52                       STAA DECENA
  81CE 96 53                       LDAA UNIDAD
  81D0 1B                          ABA
  81D1 97 53                       STAA UNIDAD
  81D3 7E 81 D6                    JMP FIN



                   FIN
  81D6 86 3F                       LDAA    #'?
  81D8 97 00                       STAA    ORDEN
                   CICLO1
  81DA 96 00                       LDAA    ORDEN
  81DC 81 3F                       CMPA    #'?
  81DE 27 FA                       BEQ     CICLO1
  81E0 81 4F                       CMPA #'O
  81E2 27 BF                       BEQ CASOO
  81E4 81 4B                       CMPA #'K
  81E6 27 C3                       BEQ CASOOK
  81E8 7E 81 D6                    JMP FIN

                   *Configuracion del puerto serial
                   SERIAL
  81EB CC 30 2C           LDD   #$302C  * CONFIGURA PUERTO SERIAL
  81EE B7 10 2B           STAA  BAUD    * BAUD  9600  para cristal de 8MHz
  81F1 F7 10 2D           STAB  SCCR2   * HABILITA  RX Y TX PERO INTERRUPCN SOLO
.                  RX
  81F4 86 00              LDAA  #$00
  81F6 B7 10 2C           STAA  SCCR1   * 8 BITS

  81F9 86 FE              LDAA  #$FE    * CONFIG PUERTO D COMO SALIDAS (EXCEPTO
.                  PD0)
  81FB B7 10 09           STAA  DDRD    * SEA  ENABLE DEL DISPLAY  PD4  Y RS PD3


  81FE 86 04              LDAA  #$04
  8200 B7 10 3C           STAA  HPRIO

  8203 86 00              LDAA  #$00
  8205 06                 TAP
  8206 39                RTS


                   LIMPIEZA
  8207 7F 00 16            CLR M
  820A 7F 00 17            CLR D
  820D 7F 00 18            CLR C
  8210 7F 00 19            CLR L
  8213 7F 00 20            CLR XB
  8216 7F 00 21            CLR V
  8219 7F 00 22            CLR I
  821C 7F 00 01            CLR A
  821F 7F 00 02            CLR BERROR
  8222 7F 00 53            CLR UNIDAD
  8225 7F 00 52            CLR DECENA
  8228 7F 00 51            CLR CENTENA
  822B 7F 00 50            CLR MIL
  822E CE 00 70            LDX #$0070
  8231 18 CE 00 70         LDY #$0070
                   LIM
  ADDR B1 B2 B3 B4 E:\Repositorios\68hc11-1\Proyecto2.asc           PAGE       9

  8235 86 00               LDAA #00
  8237 18 A7 00            STAA $00,Y
  823A 18 08               INY
  823C 18 8C 00 8F         CPY #$008F
  8240 26 F3               BNE LIM
  8242 18 CE 00 50         LDY #$0050
                   LIM2
  8246 86 00               LDAA #00
  8248 18 A7 00            STAA $00,Y
  824B 18 08               INY
  824D 18 8C 00 6F         CPY #$006F
  8251 26 F3               BNE LIM2
  8253 7E 80 09            JMP CICLATE

                   ***********************************
                   * ATENCION A INTERRUPCION SERIAL
                   ***********************************
                           ORG     $F100
  F100 B6 10 2E            LDAA    SCSR
  F103 B6 10 2F            LDAA    SCDR
  F106 97 00               STAA    ORDEN
  F108 3B                  RTI

                   ***********************************
                   * VECTOR INTERRUPCION SERIAL
                   ***********************************
                           ORG     $FFD6
  FFD6 F1 00               FCB     $F1,$00


                   ***********************************
                   *RESET
                   ***********************************
                           ORG     $FFFE
  FFFE 80 00       RESET   FCB     $80,$00
                   ***********************************

                           END     $8000

  Symbol Table 

  CASOOK             81AB
  SERIAL             81EB
  A                  0001
  C                  0018
  D                  0017
  I                  0022
  L                  0019
  M                  0016
  O                  0023
  XB                 0020
  V                  0021
  ESCRIBECHAR        81B7
  CSCTL              105D
  CASOC1             80E8
  SCCR1              102C
  SCCR2              102D
  CASOD1             809E
  BERROR             0002
  BAUD               102B
  CASOV1             8185
  CICLO              800D
  CICLO1             81DA
  DECENA             0052
  SALTOINTERMEDIO1   80A5
  Symbol Table     E:\Repositorios\68hc11-1\Proyecto2.asc           PAGE      10

  SALTOINTERMEDIO2   818C
  CASOX1             815A
  OPT2               1038
  CICLATE            8009
  UNIDAD             0053
  RESET              FFFE
  ERROR_CICLO        802A
  LIM                8235
  ORDEN              0000
  CENTENA            0051
  HPRIO              103C
  SALTOINTERMEDIO1_ERROR 81B4
  SCSR               102E
  FIN                81D6
  CASOL1             8116
  LIM2               8246
  DDRD               1009
  ERROR1             801E
  CASOM1             8073
  SCDR               102F
  SALTOINTERMEDIO_ERROR 80FA
  CASOC              80B0
  CASOD              8085
  CASOI              8193
  CASOL              80FD
  CASOM              8039
  CASOO              81A3
  CASOV              816C
  CASOX              8134
  SPCR               1028
  MIL                0050
  INICIO             8000
  LIMPIEZA           8207
  SALTOINTERMEDIO    811D
